Running in CSV-only mode for GitHub Actions
=== Daily Update 2026-02-28 14:03 ===
Checking historical data coverage...
  Error checking historical data: 'datetime'
Warning: Historical data may be incomplete

Updating Open-Meteo CSV...
  Reading data from: open-meteo-7.12S39.25E61m.csv
  No existing data found. Fetching complete historical data from 2023-03-15
    Fetching chunk: 2023-03-15 to 2025-03-13
  Fetching Open-Meteo data from 2023-03-15 to 2025-03-13...
  Error fetching data: 400
  Response: {"reason":"Parameter 'start_date' is out of allowed range from 2025-11-27 to 2026-03-15","error":true}
    Fetching chunk: 2025-03-14 to 2026-02-27
  Fetching Open-Meteo data from 2025-03-14 to 2026-02-27...
  Error fetching data: 400
  Response: {"error":true,"reason":"Parameter 'start_date' is out of allowed range from 2025-11-27 to 2026-03-15"}
  Fetching forecast data from 2026-02-28 to 2026-03-07
  Fetching Open-Meteo data from 2026-02-28 to 2026-03-07...
    Retrieved 192 records
Updated open-meteo-7.12S39.25E61m.csv with 192 records
Date range: 2026-02-27 19:00:00+03:00 to 2026-03-07 18:00:00+03:00

Archiving historical data...
Historical data archiving would be implemented here.
Currently, all data is kept in the main CSV file.

CSV-only mode: Skipping dashboard rebuild

=== Daily update (CSV only) completed successfully ===
